RAM Allocation [bytes]
Variable                                                                          Address   Size
------------------------------------------------------------------------------------------------
glcd_state                                                                        0x048B      29
recive                                                                            0x04A8       7
tx_buffer                                                                         0x04AF       8
rx_buffer                                                                         0x04B7       8
_seed                                                                             0x04BF       4
ks0108_coord                                                                      0x04C3       3

EEPROM Allocation [bytes]
Variable                                                                          Address   Size
------------------------------------------------------------------------------------------------
center                                                                            0x0000     256

Register Allocation
Variable                                                                          Register  Size
------------------------------------------------------------------------------------------------
flag                                                                              R5           1
i                                                                                 R6,R7        2
tx_wr_index                                                                       R4           1
tx_rd_index                                                                       R9           1
tx_counter                                                                        R8           1
rx_wr_index                                                                       R11          1
rx_rd_index                                                                       R10          1
rx_counter                                                                        R13          1
rx_buffer_overflow                                                                R2.0      1bit

FLASH Allocation [words]
Function                                                                          Address   Size
------------------------------------------------------------------------------------------------
ext_int0_isr                                                                      0x002DF      3
ext_int1_isr                                                                      0x002E2      3
ext_int2_isr                                                                      0x002E5      1
usart_tx_isr                                                                      0x002E6     23
putchar                                                                           0x002FD     27
usart_rx_isr                                                                      0x00318    234
getchar                                                                           0x00402     19
main                                                                              0x00415    127
firstmain                                                                         0x00494     84
keypad                                                                            0x004E8     76
showtemp                                                                          0x00534     38
aboutme                                                                           0x0055A     48
showpattern                                                                       0x0058A    197
tablepattern                                                                      0x0064F     52
showled                                                                           0x00683     63
editpattern                                                                       0x006C2    153
savepattern                                                                       0x0075B    179
clearround                                                                        0x0080E     88
save2pattern                                                                      0x00866    283
patternapply                                                                      0x00981     15
writeapply                                                                        0x00990     42
put_buff_G101                                                                     0x009BA     60
_print_G101                                                                       0x009F6    308
sprintf                                                                           0x00B2A     52
ks0108_enable_G102                                                                0x00B5E      4
ks0108_disable_G102                                                               0x00B62      4
ks0108_rdbus_G102                                                                 0x00B66      7
ks0108_busy_G102                                                                  0x00B6D     24
ks0108_wrcmd_G102                                                                 0x00B85      6
ks0108_setloc_G102                                                                0x00B8B     18
ks0108_gotoxp_G102                                                                0x00B9D     15
ks0108_nextx_G102                                                                 0x00BAC     21
ks0108_wrdata_G102                                                                0x00BC1      9
ks0108_rddata_G102                                                                0x00BCA      9
ks0108_rdbyte_G102                                                                0x00BD3      8
glcd_init                                                                         0x00BDB    101
glcd_clear                                                                        0x00C40     38
glcd_putpixel                                                                     0x00C66     36
glcd_getpixel                                                                     0x00C8A     26
ks0108_wrmasked_G102                                                              0x00CA4     59
glcd_block                                                                        0x00CDF    477
glcd_clipx                                                                        0x00EBC     21
glcd_clipy                                                                        0x00ED1     21
glcd_setpixel                                                                     0x00EE6      8
glcd_clrpixel                                                                     0x00EEE      8
glcd_getcharw_G103                                                                0x00EF6    111
glcd_new_line_G103                                                                0x00F65     20
glcd_putchar                                                                      0x00F79     99
glcd_outtextxy                                                                    0x00FDC     21
glcd_putpixelm_G103                                                               0x00FF1     27
glcd_moveto                                                                       0x0100C     13
glcd_line                                                                         0x01019    246
glcd_corners_G103                                                                 0x0110F     43
glcd_rectround                                                                    0x0113A    113
glcd_plot8_G103                                                                   0x011AB    343
glcd_line2_G103                                                                   0x01302     46
glcd_quadrant_G103                                                                0x01330     93
glcd_circle                                                                       0x0138D     11
glcd_barrel                                                                       0x01398     63
glcd_bar                                                                          0x013D7     20
memset                                                                            0x013EB     16
strlen                                                                            0x013FB     12
strlenf                                                                           0x01407     13
glcd_getmask                                                                      0x01414     11
glcd_mappixcolor1bit                                                              0x0141F     40
glcd_readmem                                                                      0x01447     31
glcd_writemem                                                                     0x01466     31
